src/app/(auth)/_layout.tsx(31,9): error TS2353: Object literal may only specify known properties, and 'headerBackTitleVisible' does not exist in type 'NativeStackNavigationOptions | ((props: { route: RouteProp<ParamListBase, string>; navigation: NativeStackNavigationProp<ParamListBase, string, undefined>; theme: Theme; }) => NativeStackNavigationOptions)'.
src/app/(auth)/forgot-password.tsx(6,26): error TS2307: Cannot find module '@expo/vector-icons' or its corresponding type declarations.
src/app/(auth)/login.tsx(6,26): error TS2307: Cannot find module '@expo/vector-icons' or its corresponding type declarations.
src/app/(auth)/signup.tsx(6,26): error TS2307: Cannot find module '@expo/vector-icons' or its corresponding type declarations.
src/components/animated-icon.web.tsx(5,21): error TS2307: Cannot find module './animated-icon.module.css' or its corresponding type declarations.
src/components/Button.tsx(11,26): error TS2307: Cannot find module '@expo/vector-icons' or its corresponding type declarations.
src/components/EmptyState.tsx(3,26): error TS2307: Cannot find module '@expo/vector-icons' or its corresponding type declarations.
src/components/FloatingActionButton.tsx(3,26): error TS2307: Cannot find module '@expo/vector-icons' or its corresponding type declarations.
src/components/Header.tsx(3,26): error TS2307: Cannot find module '@expo/vector-icons' or its corresponding type declarations.
src/components/Input.tsx(10,26): error TS2307: Cannot find module '@expo/vector-icons' or its corresponding type declarations.
src/components/Loading.tsx(52,19): error TS2551: Property 'absoluteFillObject' does not exist on type 'typeof StyleSheet'. Did you mean 'absoluteFill'?
src/components/Modal.tsx(75,19): error TS2551: Property 'absoluteFillObject' does not exist on type 'typeof StyleSheet'. Did you mean 'absoluteFill'?
src/components/SwipeableRow.tsx(10,26): error TS2307: Cannot find module '@expo/vector-icons' or its corresponding type declarations.
src/components/SwipeableRow.tsx(114,19): error TS2551: Property 'absoluteFillObject' does not exist on type 'typeof StyleSheet'. Did you mean 'absoluteFill'?
src/constants/theme.ts(6,8): error TS2882: Cannot find module or type declarations for side-effect import of '@/global.css'.
src/features/auth/services/authService.ts(80,13): error TS2345: Argument of type 'Partial<Profile>' is not assignable to parameter of type 'never'.
src/features/dashboard/components/CategoryChart.tsx(3,31): error TS2307: Cannot find module '@expo/vector-icons' or its corresponding type declarations.
src/features/dashboard/components/SummaryCards.tsx(22,26): error TS2322: Type '({ flex: number; borderWidth: number; } | { borderColor: string; backgroundColor: string; })[]' is not assignable to type 'ViewStyle'.
  Types of property 'filter' are incompatible.
    Type '{ <S extends { flex: number; borderWidth: number; } | { borderColor: string; backgroundColor: string; }>(predicate: (value: { flex: number; borderWidth: number; } | { borderColor: string; backgroundColor: string; }, index: number, array: ({ ...; } | { ...; })[]) => value is S, thisArg?: any): S[]; (predicate: (value...' is not assignable to type 'string | readonly FilterFunction[] | undefined'.
src/features/dashboard/components/SummaryCards.tsx(35,26): error TS2322: Type '({ flex: number; borderWidth: number; } | { borderColor: string; backgroundColor: string; })[]' is not assignable to type 'ViewStyle'.
  Types of property 'filter' are incompatible.
    Type '{ <S extends { flex: number; borderWidth: number; } | { borderColor: string; backgroundColor: string; }>(predicate: (value: { flex: number; borderWidth: number; } | { borderColor: string; backgroundColor: string; }, index: number, array: ({ ...; } | { ...; })[]) => value is S, thisArg?: any): S[]; (predicate: (value...' is not assignable to type 'string | readonly FilterFunction[] | undefined'.
src/features/portfolio/components/AssetCard.tsx(90,5): error TS2322: Type '"end"' is not assignable to type 'FlexAlignType | undefined'.
src/features/portfolio/components/AssetDistribution.tsx(173,5): error TS2322: Type '"end"' is not assignable to type 'FlexAlignType | undefined'.
src/features/portfolio/services/portfolioService.ts(12,68): error TS2345: Argument of type '{ p_user_id: string; }' is not assignable to parameter of type 'undefined'.
src/features/portfolio/services/portfolioService.ts(24,15): error TS2339: Property 'map' does not exist on type 'never'.
src/features/transactions/components/AssetPicker.tsx(11,31): error TS2307: Cannot find module '@expo/vector-icons' or its corresponding type declarations.
src/features/transactions/components/CategoryPicker.tsx(12,31): error TS2307: Cannot find module '@expo/vector-icons' or its corresponding type declarations.
src/features/transactions/components/PaymentMethodPicker.tsx(3,31): error TS2307: Cannot find module '@expo/vector-icons' or its corresponding type declarations.
src/features/transactions/components/TransactionItem.tsx(3,31): error TS2307: Cannot find module '@expo/vector-icons' or its corresponding type declarations.
src/features/transactions/schemas/transactionSchemas.ts(4,22): error TS2353: Object literal may only specify known properties, and 'required_error' does not exist in type '{ error?: string | $ZodErrorMap<$ZodIssueInvalidType<unknown>> | undefined; message?: string | undefined; }'.
src/features/transactions/schemas/transactionSchemas.ts(6,23): error TS2769: No overload matches this call.
  Overload 1 of 2, '(values: readonly ["income", "expense", "transfer", "investment_buy", "investment_sell"], params?: string | { error?: string | $ZodErrorMap<$ZodIssueInvalidValue<unknown>> | undefined; message?: string | undefined; } | undefined): ZodEnum<...>', gave the following error.
    Object literal may only specify known properties, and 'errorMap' does not exist in type '{ error?: string | $ZodErrorMap<$ZodIssueInvalidValue<unknown>> | undefined; message?: string | undefined; }'.
  Overload 2 of 2, '(entries: Readonly<Record<string, EnumValue>>, params?: string | { error?: string | $ZodErrorMap<$ZodIssueInvalidValue<unknown>> | undefined; message?: string | undefined; } | undefined): ZodEnum<...>', gave the following error.
    Argument of type 'string[]' is not assignable to parameter of type 'Readonly<Record<string, EnumValue>>'.
      Index signature for type 'string' is missing in type 'string[]'.
src/features/transactions/schemas/transactionSchemas.ts(9,24): error TS2769: No overload matches this call.
  Overload 1 of 2, '(params?: string | { error?: string | $ZodErrorMap<$ZodIssueInvalidType<unknown>> | undefined; message?: string | undefined; } | undefined): ZodString', gave the following error.
    Object literal may only specify known properties, and 'required_error' does not exist in type '{ error?: string | $ZodErrorMap<$ZodIssueInvalidType<unknown>> | undefined; message?: string | undefined; }'.
  Overload 2 of 2, '(params?: string | { error?: string | $ZodErrorMap<$ZodIssueInvalidType<unknown>> | undefined; message?: string | undefined; } | undefined): $ZodType<...>', gave the following error.
    Object literal may only specify known properties, and 'required_error' does not exist in type '{ error?: string | $ZodErrorMap<$ZodIssueInvalidType<unknown>> | undefined; message?: string | undefined; }'.
src/features/transactions/schemas/transactionSchemas.ts(12,32): error TS2769: No overload matches this call.
  Overload 1 of 2, '(params?: string | { error?: string | $ZodErrorMap<$ZodIssueInvalidType<unknown>> | undefined; message?: string | undefined; } | undefined): ZodString', gave the following error.
    Object literal may only specify known properties, and 'required_error' does not exist in type '{ error?: string | $ZodErrorMap<$ZodIssueInvalidType<unknown>> | undefined; message?: string | undefined; }'.
  Overload 2 of 2, '(params?: string | { error?: string | $ZodErrorMap<$ZodIssueInvalidType<unknown>> | undefined; message?: string | undefined; } | undefined): $ZodType<...>', gave the following error.
    Object literal may only specify known properties, and 'required_error' does not exist in type '{ error?: string | $ZodErrorMap<$ZodIssueInvalidType<unknown>> | undefined; message?: string | undefined; }'.
src/features/transactions/services/transactionService.ts(35,13): error TS2345: Argument of type '{ user_id: string; amount: number; description: any; type: any; asset_id: any; category_id: any; payment_method: any; date: any; notes: any; is_recurring: any; }' is not assignable to parameter of type 'never[]'.
  Type '{ user_id: string; amount: number; description: any; type: any; asset_id: any; category_id: any; payment_method: any; date: any; notes: any; is_recurring: any; }' is missing the following properties from type 'never[]': length, pop, push, concat, and 35 more.
src/features/transactions/services/transactionService.ts(51,13): error TS2345: Argument of type '{ amount: number; description: any; type: any; asset_id: any; category_id: any; payment_method: any; date: any; notes: any; is_recurring: any; }' is not assignable to parameter of type 'never'.
src/store/uiStore.ts(37,32): error TS2322: Type 'null' is not assignable to type 'string | undefined'.
